[     202ms] [INFO] %cDownload the React DevTools for a better development experience: https://react.dev/link/react-devtools font-weight:bold @ http://localhost:3002/_next/static/chunks/node_modules_next_dist_115brz8._.js:2431
[     271ms] [LOG] [HMR] connected @ http://localhost:3002/_next/static/chunks/node_modules_next_dist_115brz8._.js:2431
[  442719ms] [LOG] [Fast Refresh] rebuilding @ http://localhost:3002/_next/static/chunks/node_modules_next_dist_115brz8._.js:2431
[  443140ms] [LOG] [Fast Refresh] done in 463ms @ http://localhost:3002/_next/static/chunks/node_modules_next_dist_115brz8._.js:2431
[  450253ms] [LOG] [Fast Refresh] rebuilding @ http://localhost:3002/_next/static/chunks/node_modules_next_dist_115brz8._.js:2431
[  450388ms] [LOG] [Fast Refresh] done in 88ms @ http://localhost:3002/_next/static/chunks/node_modules_next_dist_115brz8._.js:2431
[  582346ms] [LOG] [Fast Refresh] rebuilding @ http://localhost:3002/_next/static/chunks/node_modules_next_dist_115brz8._.js:2431
[  582425ms] [LOG] [Fast Refresh] done in 149ms @ http://localhost:3002/_next/static/chunks/node_modules_next_dist_115brz8._.js:2431
[  590290ms] [LOG] [Fast Refresh] rebuilding @ http://localhost:3002/_next/static/chunks/node_modules_next_dist_115brz8._.js:2431
[  590301ms] [LOG] [Fast Refresh] done in 80ms @ http://localhost:3002/_next/static/chunks/node_modules_next_dist_115brz8._.js:2431
[  590408ms] [LOG] [Fast Refresh] rebuilding @ http://localhost:3002/_next/static/chunks/node_modules_next_dist_115brz8._.js:2431
[  590421ms] [LOG] [Fast Refresh] done in 119ms @ http://localhost:3002/_next/static/chunks/node_modules_next_dist_115brz8._.js:2431
[  597741ms] [LOG] [Fast Refresh] rebuilding @ http://localhost:3002/_next/static/chunks/node_modules_next_dist_115brz8._.js:2431
[  598172ms] [LOG] [Fast Refresh] done in 418ms @ http://localhost:3002/_next/static/chunks/node_modules_next_dist_115brz8._.js:2431
[  598285ms] [LOG] [Fast Refresh] rebuilding @ http://localhost:3002/_next/static/chunks/node_modules_next_dist_115brz8._.js:2431
[  598336ms] [LOG] [Fast Refresh] done in 151ms @ http://localhost:3002/_next/static/chunks/node_modules_next_dist_115brz8._.js:2431
[  614480ms] [LOG] [Fast Refresh] rebuilding @ http://localhost:3002/_next/static/chunks/node_modules_next_dist_115brz8._.js:2431
[  614587ms] [LOG] [Fast Refresh] done in 81ms @ http://localhost:3002/_next/static/chunks/node_modules_next_dist_115brz8._.js:2431
[  629132ms] [LOG] [Fast Refresh] rebuilding @ http://localhost:3002/_next/static/chunks/node_modules_next_dist_115brz8._.js:2431
[  629192ms] [LOG] [Fast Refresh] done in 164ms @ http://localhost:3002/_next/static/chunks/node_modules_next_dist_115brz8._.js:2431
[  633521ms] [LOG] [Fast Refresh] rebuilding @ http://localhost:3002/_next/static/chunks/node_modules_next_dist_115brz8._.js:2431
[  634003ms] [LOG] [Fast Refresh] done in 586ms @ http://localhost:3002/_next/static/chunks/node_modules_next_dist_115brz8._.js:2431
[  658729ms] [LOG] [Fast Refresh] rebuilding @ http://localhost:3002/_next/static/chunks/node_modules_next_dist_115brz8._.js:2431
[  659214ms] [LOG] [Fast Refresh] done in 587ms @ http://localhost:3002/_next/static/chunks/node_modules_next_dist_115brz8._.js:2431
[  800759ms] [LOG] [Fast Refresh] rebuilding @ http://localhost:3002/_next/static/chunks/node_modules_next_dist_115brz8._.js:2431
[  800884ms] [LOG] [Fast Refresh] done in 105ms @ http://localhost:3002/_next/static/chunks/node_modules_next_dist_115brz8._.js:2431
[  800990ms] [LOG] [Fast Refresh] rebuilding @ http://localhost:3002/_next/static/chunks/node_modules_next_dist_115brz8._.js:2431
[  800992ms] [LOG] [Fast Refresh] done in 104ms @ http://localhost:3002/_next/static/chunks/node_modules_next_dist_115brz8._.js:2431
[  869760ms] [LOG] [Fast Refresh] rebuilding @ http://localhost:3002/_next/static/chunks/node_modules_next_dist_115brz8._.js:2431
[  869965ms] [LOG] [Fast Refresh] done in 308ms @ http://localhost:3002/_next/static/chunks/node_modules_next_dist_115brz8._.js:2431
[  878113ms] [LOG] [Fast Refresh] rebuilding @ http://localhost:3002/_next/static/chunks/node_modules_next_dist_115brz8._.js:2431
[  878662ms] [LOG] [Fast Refresh] done in 651ms @ http://localhost:3002/_next/static/chunks/node_modules_next_dist_115brz8._.js:2431
[  883023ms] [LOG] [Fast Refresh] rebuilding @ http://localhost:3002/_next/static/chunks/node_modules_next_dist_115brz8._.js:2431
[  883042ms] [LOG] [Fast Refresh] done in 121ms @ http://localhost:3002/_next/static/chunks/node_modules_next_dist_115brz8._.js:2431
[  887537ms] [LOG] [Fast Refresh] rebuilding @ http://localhost:3002/_next/static/chunks/node_modules_next_dist_115brz8._.js:2431
[  887556ms] [LOG] [Fast Refresh] done in 132ms @ http://localhost:3002/_next/static/chunks/node_modules_next_dist_115brz8._.js:2431
[  948532ms] [LOG] [Fast Refresh] rebuilding @ http://localhost:3002/_next/static/chunks/node_modules_next_dist_115brz8._.js:2431
[  948646ms] [LOG] [Fast Refresh] done in 109ms @ http://localhost:3002/_next/static/chunks/node_modules_next_dist_115brz8._.js:2431
[  956440ms] [LOG] [Fast Refresh] rebuilding @ http://localhost:3002/_next/static/chunks/node_modules_next_dist_115brz8._.js:2431
[  957165ms] [LOG] [Fast Refresh] done in 830ms @ http://localhost:3002/_next/static/chunks/node_modules_next_dist_115brz8._.js:2431
[ 1000987ms] [LOG] [Fast Refresh] rebuilding @ http://localhost:3002/_next/static/chunks/node_modules_next_dist_115brz8._.js:2431
[ 1001003ms] [LOG] [Fast Refresh] done in 71ms @ http://localhost:3002/_next/static/chunks/node_modules_next_dist_115brz8._.js:2431
[ 1001215ms] [LOG] [Fast Refresh] rebuilding @ http://localhost:3002/_next/static/chunks/node_modules_next_dist_115brz8._.js:2431
[ 1001229ms] [LOG] [Fast Refresh] done in 121ms @ http://localhost:3002/_next/static/chunks/node_modules_next_dist_115brz8._.js:2431
[ 1105011ms] [LOG] [Fast Refresh] rebuilding @ http://localhost:3002/_next/static/chunks/node_modules_next_dist_115brz8._.js:2431
[ 1105023ms] [LOG] [Fast Refresh] done in 93ms @ http://localhost:3002/_next/static/chunks/node_modules_next_dist_115brz8._.js:2431
[ 1105128ms] [LOG] [Fast Refresh] rebuilding @ http://localhost:3002/_next/static/chunks/node_modules_next_dist_115brz8._.js:2431
[ 1105159ms] [LOG] [Fast Refresh] done in 133ms @ http://localhost:3002/_next/static/chunks/node_modules_next_dist_115brz8._.js:2431
[ 1157568ms] [LOG] [Fast Refresh] rebuilding @ http://localhost:3002/_next/static/chunks/node_modules_next_dist_115brz8._.js:2431
[ 1157675ms] [LOG] [Fast Refresh] done in 66ms @ http://localhost:3002/_next/static/chunks/node_modules_next_dist_115brz8._.js:2431
[ 1157792ms] [LOG] [Fast Refresh] rebuilding @ http://localhost:3002/_next/static/chunks/node_modules_next_dist_115brz8._.js:2431
[ 1157827ms] [LOG] [Fast Refresh] done in 143ms @ http://localhost:3002/_next/static/chunks/node_modules_next_dist_115brz8._.js:2431
[ 1194975ms] [LOG] [Fast Refresh] rebuilding @ http://localhost:3002/_next/static/chunks/node_modules_next_dist_115brz8._.js:2431
[ 1195101ms] [LOG] [Fast Refresh] done in 74ms @ http://localhost:3002/_next/static/chunks/node_modules_next_dist_115brz8._.js:2431
[ 1195213ms] [LOG] [Fast Refresh] rebuilding @ http://localhost:3002/_next/static/chunks/node_modules_next_dist_115brz8._.js:2431
[ 1195215ms] [LOG] [Fast Refresh] done in 108ms @ http://localhost:3002/_next/static/chunks/node_modules_next_dist_115brz8._.js:2431
[ 1201323ms] [LOG] [Fast Refresh] rebuilding @ http://localhost:3002/_next/static/chunks/node_modules_next_dist_115brz8._.js:2431
[ 1201599ms] [LOG] [Fast Refresh] done in 380ms @ http://localhost:3002/_next/static/chunks/node_modules_next_dist_115brz8._.js:2431
[ 1233017ms] [LOG] [Fast Refresh] rebuilding @ http://localhost:3002/_next/static/chunks/node_modules_next_dist_115brz8._.js:2431
[ 1233106ms] [LOG] [Fast Refresh] done in 198ms @ http://localhost:3002/_next/static/chunks/node_modules_next_dist_115brz8._.js:2431
